11:27:48 [vite] (client) Re-optimizing dependencies because vite config has changed

  VITE v8.1.3  ready in 1099 ms

  ➜  Local:   http://127.0.0.1:5173/
11:27:50 [vite] (client) [optimizer] bundling dependencies...
11:33:48 [vite] (client) hmr update /src/App.vue, /src/views/ExercisesPage.vue, /src/views/KnowledgePage.vue, /src/views/LoginPage.vue, /src/views/ProfilePage.vue, /src/views/RegisterPage.vue
11:33:48 [vite] (client) hmr update /src/views/MembershipPage.vue
11:34:51 [vite] (client) hmr update /src/style.css
11:34:51 [vite] (client) hmr update /src/views/MembershipPage.vue
11:34:56 [vite] (client) hmr update /src/style.css
14:47:49 [vite] (client) hmr update /src/App.vue, /src/views/ExercisesPage.vue, /src/views/KnowledgePage.vue, /src/views/LoginPage.vue, /src/views/ProfilePage.vue, /src/views/RegisterPage.vue, /src/views/MembershipPage.vue
14:48:17 [vite] (client) hmr update /src/views/MembershipPage.vue
15:23:21 [vite] (client) hmr update /src/components/TemplateLesson.vue
15:26:16 [vite] (client) hmr update /src/components/TemplateLesson.vue
15:43:09 [vite] (client) hmr update /src/views/HomePage.vue
15:43:14 [vite] (client) hmr update /src/views/KnowledgePage.vue
15:43:18 [vite] (client) hmr update /src/views/KnowledgePage.vue
15:43:22 [vite] (client) hmr update /src/views/ExercisesPage.vue
15:43:26 [vite] (client) hmr update /src/views/ExercisesPage.vue
15:43:51 [vite] (client) page reload src/data/catalog.js
16:27:04 [vite] (client) hmr update /src/views/KnowledgePage.vue, /src/views/ExercisesPage.vue
16:32:08 [vite] (client) hmr update /src/views/KnowledgePage.vue
16:32:31 [vite] (client) hmr update /src/views/ExercisesPage.vue
17:08:38 [vite] (client) hmr update /src/components/SubjectSidebar.vue
17:09:02 [vite] (client) hmr update /src/App.vue, /src/views/ExercisesPage.vue, /src/views/KnowledgePage.vue, /src/views/LoginPage.vue, /src/views/ProfilePage.vue, /src/views/RegisterPage.vue, /src/views/MembershipPage.vue
17:09:35 [vite] (client) hmr update /src/views/KnowledgePage.vue
17:10:11 [vite] (client) hmr update /src/views/ExercisesPage.vue
17:11:22 [vite] (client) hmr update /src/views/ExercisesPage.vue
17:15:11 [vite] (client) hmr update /src/views/HomePage.vue
17:16:11 [vite] (client) hmr update /src/style.css
17:17:36 [vite] (client) page reload src/content/calculus/exercises-limit-basic.math.md
17:17:36 [vite] (client) page reload src/content/calculus/limits-function.math.md
17:17:36 [vite] (client) page reload src/content/calculus/limits-sequence.math.md
17:17:36 [vite] (client) hmr update /src/views/HomePage.vue, /src/views/KnowledgePage.vue, /src/views/ExercisesPage.vue
17:17:36 [vite] (client) page reload src/content/linear-algebra/determinant-basic.math.md
17:17:36 [vite] (client) page reload src/content/linear-algebra/matrix-row-reduction.math.md
17:17:36 [vite] (client) page reload src/content/probability/bayes-practice.math.md
17:17:36 [vite] (client) page reload src/content/probability/conditional-probability.math.md
17:17:36 [vite] (client) hmr update /src/views/KnowledgePage.vue, /src/views/ExercisesPage.vue
21:57:03 [vite] (client) hmr update /src/components/SubjectSidebar.vue
22:00:16 [vite] (client) hmr update /src/components/TemplateLesson.vue
22:01:04 [vite] (client) hmr update /src/components/TemplateLesson.vue
22:01:52 [vite] (client) hmr update /src/components/TemplateLesson.vue
22:04:42 [vite] (client) hmr update /src/views/KnowledgePage.vue
22:05:52 [vite] (client) hmr update /src/views/ExercisesPage.vue
22:09:38 [vite] (client) hmr update /src/style.css
22:12:49 [vite] (client) hmr update /src/style.css
22:16:02 [vite] (client) hmr update /src/style.css
22:22:48 [vite] (client) hmr update /src/style.css
22:25:48 [vite] (client) hmr update /src/style.css
22:29:00 [vite] (client) hmr update /src/views/KnowledgePage.vue
22:31:33 [vite] (client) hmr update /src/views/ExercisesPage.vue
22:40:15 [vite] (client) hmr update /src/style.css
